// Jest Snapshot v1, https://goo.gl/fbAQLP

exports[`Check App component component renders correctly 1`] = `
<DocumentFragment>
  <div
    class="ui borderless top fixed menu menu"
    data-testid="layout-menu"
  >
    <div
      class="item"
    >
      <h3
        class="ui disabled header"
        data-testid="layout-header"
      >
        <i
          aria-hidden="true"
          class="factory icon"
          data-testid="layout-header-icon"
        />
        React Price Picker
      </h3>
    </div>
    <div
      class="right menu"
    >
      <div
        class="item"
      >
        <a
          class="ui basic circular button"
          data-testid="layout-info-button"
          role="button"
        >
          <i
            aria-hidden="true"
            class="info icon"
            data-testid="layout-info-button-info-icon"
          />
          Info
        </a>
      </div>
    </div>
  </div>
  <div
    class="pushable pushable"
    data-testid="layout-body"
  >
    <div
      class="ui segment ui overlay top sidebar infoBar"
      data-testid="info-bar"
    >
      <div
        class="ui container"
      >
        <div
          class="ui stackable grid"
        >
          <div
            class="three wide column"
          />
          <div
            class="five wide column"
          >
            <h4
              class="ui header"
            >
              Contacts
            </h4>
            <div
              class="ui list"
              role="list"
            >
              <div
                class="item"
                role="listitem"
              >
                <i
                  aria-hidden="true"
                  class="user icon"
                />
                <div
                  class="content"
                >
                  Kirill Kopitsa
                </div>
              </div>
              <div
                class="item"
                role="listitem"
              >
                <i
                  aria-hidden="true"
                  class="marker icon"
                />
                <div
                  class="content"
                >
                  Dnipro, Ukraine
                </div>
              </div>
              <div
                class="item"
                role="listitem"
              >
                <i
                  aria-hidden="true"
                  class="mail icon"
                />
                <div
                  class="content"
                >
                  <a
                    href="mailto:joseff.knecht@gmail.com"
                  >
                    joseff.knecht@gmail.com
                  </a>
                </div>
              </div>
              <div
                class="item"
                role="listitem"
              >
                <i
                  aria-hidden="true"
                  class="github icon"
                />
                <div
                  class="content"
                >
                  <a
                    href="https://github.com/joseffone"
                  >
                    github.com/joseffone
                  </a>
                </div>
              </div>
            </div>
          </div>
          <div
            class="five wide column"
          >
            <h4
              class="ui header"
            >
              About project
            </h4>
            <p>
              This site is a solution of the test task from InCode Group.
            </p>
          </div>
          <div
            class="three wide column"
          />
        </div>
      </div>
    </div>
    <div
      class="pusher"
    >
      <div
        class="pushable"
      >
        <div
          class="ui push left visible sidebar"
        >
          <div
            class="ui celled selection middle aligned list"
            data-testid="ticker-list"
            role="list"
          >
            <div
              class="item ui card tickerListItem"
              data-testid="ticker-list-item"
              id="AAPL"
              role="listitem"
            >
              <div
                class="content"
              >
                <div
                  class="glow right floated animating transition"
                  data-testid="ticker-list-item-negative"
                  style="animation-duration: 2000ms;"
                >
                  <div
                    class="ui mini statistic"
                  >
                    <div
                      class="value"
                    >
                      213.41
                    </div>
                    <div
                      class="label"
                    >
                      <span
                        class="pricedown"
                      >
                        -38.72
                      </span>
                    </div>
                  </div>
                  <i
                    aria-hidden="true"
                    class="red arrow down big icon"
                    data-testid="ticker-list-item-icon-down"
                  />
                </div>
                <div
                  class="header"
                >
                  AAPL
                </div>
                <div
                  class="meta"
                >
                  Apple Inc.
                </div>
              </div>
            </div>
            <div
              class="item ui card tickerListItem"
              data-testid="ticker-list-item"
              id="GOOGL"
              role="listitem"
            >
              <div
                class="content"
              >
                <div
                  class="glow right floated animating transition"
                  data-testid="ticker-list-item-positive"
                  style="animation-duration: 2000ms;"
                >
                  <div
                    class="ui mini statistic"
                  >
                    <div
                      class="value"
                    >
                      253.86
                    </div>
                    <div
                      class="label"
                    >
                      <span
                        class="priceup"
                      >
                        +5.59
                      </span>
                    </div>
                  </div>
                  <i
                    aria-hidden="true"
                    class="green arrow up big icon"
                    data-testid="ticker-list-item-icon-up"
                  />
                </div>
                <div
                  class="header"
                >
                  GOOGL
                </div>
                <div
                  class="meta"
                >
                  Alphabet Inc.
                </div>
              </div>
            </div>
            <div
              class="item ui card tickerListItem"
              data-testid="ticker-list-item"
              id="AMZN"
              role="listitem"
            >
              <div
                class="content"
              >
                <div
                  class="glow right floated animating transition"
                  data-testid="ticker-list-item-positive"
                  style="animation-duration: 2000ms;"
                >
                  <div
                    class="ui mini statistic"
                  >
                    <div
                      class="value"
                    >
                      244.82
                    </div>
                    <div
                      class="label"
                    >
                      <span
                        class="priceup"
                      >
                        +21.81
                      </span>
                    </div>
                  </div>
                  <i
                    aria-hidden="true"
                    class="green arrow up big icon"
                    data-testid="ticker-list-item-icon-up"
                  />
                </div>
                <div
                  class="header"
                >
                  AMZN
                </div>
                <div
                  class="meta"
                >
                  Amazon.com, Inc.
                </div>
              </div>
            </div>
            <div
              class="item ui card tickerListItem"
              data-testid="ticker-list-item"
              id="ADBE"
              role="listitem"
            >
              <div
                class="content"
              >
                <div
                  class="glow right floated animating transition"
                  data-testid="ticker-list-item-positive"
                  style="animation-duration: 2000ms;"
                >
                  <div
                    class="ui mini statistic"
                  >
                    <div
                      class="value"
                    >
                      275.75
                    </div>
                    <div
                      class="label"
                    >
                      <span
                        class="priceup"
                      >
                        +11.16
                      </span>
                    </div>
                  </div>
                  <i
                    aria-hidden="true"
                    class="green arrow up big icon"
                    data-testid="ticker-list-item-icon-up"
                  />
                </div>
                <div
                  class="header"
                >
                  ADBE
                </div>
                <div
                  class="meta"
                >
                  Adobe Systems Inc.
                </div>
              </div>
            </div>
            <div
              class="item ui card tickerListItem"
              data-testid="ticker-list-item"
              id="CSCO"
              role="listitem"
            >
              <div
                class="content"
              >
                <div
                  class="glow right floated animating transition"
                  data-testid="ticker-list-item-negative"
                  style="animation-duration: 2000ms;"
                >
                  <div
                    class="ui mini statistic"
                  >
                    <div
                      class="value"
                    >
                      225.81
                    </div>
                    <div
                      class="label"
                    >
                      <span
                        class="pricedown"
                      >
                        -12.73
                      </span>
                    </div>
                  </div>
                  <i
                    aria-hidden="true"
                    class="red arrow down big icon"
                    data-testid="ticker-list-item-icon-down"
                  />
                </div>
                <div
                  class="header"
                >
                  CSCO
                </div>
                <div
                  class="meta"
                >
                  Cisco Systems, Inc.
                </div>
              </div>
            </div>
            <div
              class="item ui card tickerListItem"
              data-testid="ticker-list-item"
              id="DISCK"
              role="listitem"
            >
              <div
                class="content"
              >
                <div
                  class="glow right floated animating transition"
                  data-testid="ticker-list-item-positive"
                  style="animation-duration: 2000ms;"
                >
                  <div
                    class="ui mini statistic"
                  >
                    <div
                      class="value"
                    >
                      257.54
                    </div>
                    <div
                      class="label"
                    >
                      <span
                        class="priceup"
                      >
                        +4.77
                      </span>
                    </div>
                  </div>
                  <i
                    aria-hidden="true"
                    class="green arrow up big icon"
                    data-testid="ticker-list-item-icon-up"
                  />
                </div>
                <div
                  class="header"
                >
                  DISCK
                </div>
                <div
                  class="meta"
                >
                  Discovery Inc.
                </div>
              </div>
            </div>
            <div
              class="item ui card tickerListItem"
              data-testid="ticker-list-item"
              id="EBAY"
              role="listitem"
            >
              <div
                class="content"
              >
                <div
                  class="glow right floated animating transition"
                  data-testid="ticker-list-item-negative"
                  style="animation-duration: 2000ms;"
                >
                  <div
                    class="ui mini statistic"
                  >
                    <div
                      class="value"
                    >
                      210.04
                    </div>
                    <div
                      class="label"
                    >
                      <span
                        class="pricedown"
                      >
                        -29.38
                      </span>
                    </div>
                  </div>
                  <i
                    aria-hidden="true"
                    class="red arrow down big icon"
                    data-testid="ticker-list-item-icon-down"
                  />
                </div>
                <div
                  class="header"
                >
                  EBAY
                </div>
                <div
                  class="meta"
                >
                  eBay Inc.
                </div>
              </div>
            </div>
            <div
              class="item ui card tickerListItem"
              data-testid="ticker-list-item"
              id="NFLX"
              role="listitem"
            >
              <div
                class="content"
              >
                <div
                  class="glow right floated animating transition"
                  data-testid="ticker-list-item-negative"
                  style="animation-duration: 2000ms;"
                >
                  <div
                    class="ui mini statistic"
                  >
                    <div
                      class="value"
                    >
                      230.34
                    </div>
                    <div
                      class="label"
                    >
                      <span
                        class="pricedown"
                      >
                        -13.58
                      </span>
                    </div>
                  </div>
                  <i
                    aria-hidden="true"
                    class="red arrow down big icon"
                    data-testid="ticker-list-item-icon-down"
                  />
                </div>
                <div
                  class="header"
                >
                  NFLX
                </div>
                <div
                  class="meta"
                >
                  Netflix
                </div>
              </div>
            </div>
            <div
              class="item ui card tickerListItem"
              data-testid="ticker-list-item"
              id="MSFT"
              role="listitem"
            >
              <div
                class="content"
              >
                <div
                  class="glow right floated animating transition"
                  data-testid="ticker-list-item-positive"
                  style="animation-duration: 2000ms;"
                >
                  <div
                    class="ui mini statistic"
                  >
                    <div
                      class="value"
                    >
                      246.52
                    </div>
                    <div
                      class="label"
                    >
                      <span
                        class="priceup"
                      >
                        +32.02
                      </span>
                    </div>
                  </div>
                  <i
                    aria-hidden="true"
                    class="green arrow up big icon"
                    data-testid="ticker-list-item-icon-up"
                  />
                </div>
                <div
                  class="header"
                >
                  MSFT
                </div>
                <div
                  class="meta"
                >
                  Microsoft Corporation
                </div>
              </div>
            </div>
            <div
              class="item ui card tickerListItem"
              data-testid="ticker-list-item"
              id="TSLA"
              role="listitem"
            >
              <div
                class="content"
              >
                <div
                  class="glow right floated animating transition"
                  data-testid="ticker-list-item-negative"
                  style="animation-duration: 2000ms;"
                >
                  <div
                    class="ui mini statistic"
                  >
                    <div
                      class="value"
                    >
                      204.50
                    </div>
                    <div
                      class="label"
                    >
                      <span
                        class="pricedown"
                      >
                        -45.42
                      </span>
                    </div>
                  </div>
                  <i
                    aria-hidden="true"
                    class="red arrow down big icon"
                    data-testid="ticker-list-item-icon-down"
                  />
                </div>
                <div
                  class="header"
                >
                  TSLA
                </div>
                <div
                  class="meta"
                >
                  Tesla Motors, Inc.
                </div>
              </div>
            </div>
          </div>
        </div>
        <div
          class="pusher"
        >
          <div
            class="ui basic segment stickyWrapper"
            data-testid="sticky-wrapper"
          >
            <div>
              <div
                class="ui basic segment"
              >
                <div
                  class="ui text historyMenu menu"
                  data-testid="history-menu"
                >
                  <div
                    class="left menu"
                    data-testid="history-menu-left"
                  >
                    <div
                      class="item"
                    >
                      <span>
                        Quotes shown:
                      </span>
                      <b>
                        10 out of 10
                      </b>
                    </div>
                  </div>
                  <div
                    class="right menu"
                    data-testid="history-menu-right"
                  >
                    <div
                      class="item"
                    >
                      <span>
                        Max history length:
                      </span>
                      <div
                        aria-expanded="false"
                        class="ui inline scrolling dropdown"
                        data-testid="history-menu-dropdown"
                        role="listbox"
                        tabindex="0"
                      >
                        <div
                          aria-atomic="true"
                          aria-live="polite"
                          class="text"
                          role="alert"
                        >
                          100 quotes
                        </div>
                        <i
                          aria-hidden="true"
                          class="dropdown icon"
                        />
                        <div
                          class="menu transition"
                        >
                          <div
                            aria-checked="true"
                            aria-selected="true"
                            class="active selected item"
                            role="option"
                            style="pointer-events: all;"
                          >
                            <span
                              class="text"
                            >
                              100 quotes
                            </span>
                          </div>
                          <div
                            aria-checked="false"
                            aria-selected="false"
                            class="item"
                            role="option"
                            style="pointer-events: all;"
                          >
                            <span
                              class="text"
                            >
                              200 quotes
                            </span>
                          </div>
                          <div
                            aria-checked="false"
                            aria-selected="false"
                            class="item"
                            role="option"
                            style="pointer-events: all;"
                          >
                            <span
                              class="text"
                            >
                              500 quotes
                            </span>
                          </div>
                          <div
                            aria-checked="false"
                            aria-selected="false"
                            class="item"
                            role="option"
                            style="pointer-events: all;"
                          >
                            <span
                              class="text"
                            >
                              1000 quotes
                            </span>
                          </div>
                        </div>
                      </div>
                    </div>
                    <a
                      class="item"
                      data-testid="history-menu-reset-history"
                    >
                      Reset History
                    </a>
                    <a
                      class="disabled item"
                      data-testid="history-menu-reset-sorting"
                    >
                      Reset Sorting
                    </a>
                  </div>
                </div>
              </div>
              <div
                class=""
                data-testid="sticky-wrapper-fragment"
              >
                <div />
                <div
                  class="ui sticky"
                >
                  <div
                    class="ui basic segment"
                  >
                    <table
                      class="ui celled fixed sortable table quoteFields"
                      data-testid="quote-fields"
                    >
                      <thead
                        class=""
                      >
                        <tr
                          class=""
                        >
                          <th
                            class="disabled"
                            data-testid="quote-fields-cell"
                          >
                            Exchange
                          </th>
                          <th
                            class=""
                            data-testid="quote-fields-cell"
                          >
                            Ticker
                          </th>
                          <th
                            class=""
                            data-testid="quote-fields-cell"
                          >
                            Price
                          </th>
                          <th
                            class=""
                            data-testid="quote-fields-cell"
                          >
                            Change
                          </th>
                          <th
                            class=""
                            data-testid="quote-fields-cell"
                          >
                            Change %
                          </th>
                          <th
                            class=""
                            data-testid="quote-fields-cell"
                          >
                            Dividend
                          </th>
                          <th
                            class=""
                            data-testid="quote-fields-cell"
                          >
                            Yield
                          </th>
                          <th
                            class=""
                            data-testid="quote-fields-cell"
                          >
                            Last trade time
                          </th>
                        </tr>
                      </thead>
                    </table>
                  </div>
                </div>
              </div>
              <div
                class="ui basic segment"
              >
                <table
                  class="ui celled fixed selectable table quotesGrid"
                  data-testid="quotes-grid"
                >
                  <tbody
                    class=""
                  >
                    <tr
                      class="negative"
                      data-testid="quote-row"
                    >
                      <td
                        class=""
                        data-testid="quote-cell"
                      >
                        NASDAQ
                      </td>
                      <td
                        class=""
                        data-testid="quote-cell"
                      >
                        TSLA
                      </td>
                      <td
                        class=""
                        data-testid="quote-cell"
                      >
                        <i
                          aria-hidden="true"
                          class="arrow alternate circle down icon"
                          data-testid="quote-cell-icon-down"
                        />
                        204.50
                      </td>
                      <td
                        class=""
                        data-testid="quote-cell"
                      >
                        -45.42
                      </td>
                      <td
                        class=""
                        data-testid="quote-cell"
                      >
                        -0.22
                      </td>
                      <td
                        class=""
                        data-testid="quote-cell"
                      >
                        0.63
                      </td>
                      <td
                        class=""
                        data-testid="quote-cell"
                      >
                        1.11
                      </td>
                      <td
                        class=""
                        data-testid="quote-cell"
                      >
                        15-02-20 23:41:18
                      </td>
                    </tr>
                    <tr
                      class="positive"
                      data-testid="quote-row"
                    >
                      <td
                        class=""
                        data-testid="quote-cell"
                      >
                        NASDAQ
                      </td>
                      <td
                        class=""
                        data-testid="quote-cell"
                      >
                        MSFT
                      </td>
                      <td
                        class=""
                        data-testid="quote-cell"
                      >
                        <i
                          aria-hidden="true"
                          class="arrow alternate circle up icon"
                          data-testid="quote-cell-icon-up"
                        />
                        246.52
                      </td>
                      <td
                        class=""
                        data-testid="quote-cell"
                      >
                        32.02
                      </td>
                      <td
                        class=""
                        data-testid="quote-cell"
                      >
                        -0.13
                      </td>
                      <td
                        class=""
                        data-testid="quote-cell"
                      >
                        0.75
                      </td>
                      <td
                        class=""
                        data-testid="quote-cell"
                      >
                        1.05
                      </td>
                      <td
                        class=""
                        data-testid="quote-cell"
                      >
                        15-02-20 23:49:18
                      </td>
                    </tr>
                    <tr
                      class="negative"
                      data-testid="quote-row"
                    >
                      <td
                        class=""
                        data-testid="quote-cell"
                      >
                        NASDAQ
                      </td>
                      <td
                        class=""
                        data-testid="quote-cell"
                      >
                        NFLX
                      </td>
                      <td
                        class=""
                        data-testid="quote-cell"
                      >
                        <i
                          aria-hidden="true"
                          class="arrow alternate circle down icon"
                          data-testid="quote-cell-icon-down"
                        />
                        230.34
                      </td>
                      <td
                        class=""
                        data-testid="quote-cell"
                      >
                        -13.58
                      </td>
                      <td
                        class=""
                        data-testid="quote-cell"
                      >
                        -0.06
                      </td>
                      <td
                        class=""
                        data-testid="quote-cell"
                      >
                        0.21
                      </td>
                      <td
                        class=""
                        data-testid="quote-cell"
                      >
                        0.54
                      </td>
                      <td
                        class=""
                        data-testid="quote-cell"
                      >
                        15-02-20 23:47:18
                      </td>
                    </tr>
                    <tr
                      class="negative"
                      data-testid="quote-row"
                    >
                      <td
                        class=""
                        data-testid="quote-cell"
                      >
                        NASDAQ
                      </td>
                      <td
                        class=""
                        data-testid="quote-cell"
                      >
                        EBAY
                      </td>
                      <td
                        class=""
                        data-testid="quote-cell"
                      >
                        <i
                          aria-hidden="true"
                          class="arrow alternate circle down icon"
                          data-testid="quote-cell-icon-down"
                        />
                        210.04
                      </td>
                      <td
                        class=""
                        data-testid="quote-cell"
                      >
                        -29.38
                      </td>
                      <td
                        class=""
                        data-testid="quote-cell"
                      >
                        -0.14
                      </td>
                      <td
                        class=""
                        data-testid="quote-cell"
                      >
                        0.24
                      </td>
                      <td
                        class=""
                        data-testid="quote-cell"
                      >
                        0.00
                      </td>
                      <td
                        class=""
                        data-testid="quote-cell"
                      >
                        15-02-20 23:46:18
                      </td>
                    </tr>
                    <tr
                      class="positive"
                      data-testid="quote-row"
                    >
                      <td
                        class=""
                        data-testid="quote-cell"
                      >
                        NASDAQ
                      </td>
                      <td
                        class=""
                        data-testid="quote-cell"
                      >
                        DISCK
                      </td>
                      <td
                        class=""
                        data-testid="quote-cell"
                      >
                        <i
                          aria-hidden="true"
                          class="arrow alternate circle up icon"
                          data-testid="quote-cell-icon-up"
                        />
                        257.54
                      </td>
                      <td
                        class=""
                        data-testid="quote-cell"
                      >
                        4.77
                      </td>
                      <td
                        class=""
                        data-testid="quote-cell"
                      >
                        0.02
                      </td>
                      <td
                        class=""
                        data-testid="quote-cell"
                      >
                        0.82
                      </td>
                      <td
                        class=""
                        data-testid="quote-cell"
                      >
                        1.31
                      </td>
                      <td
                        class=""
                        data-testid="quote-cell"
                      >
                        15-02-20 23:50:18
                      </td>
                    </tr>
                    <tr
                      class="negative"
                      data-testid="quote-row"
                    >
                      <td
                        class=""
                        data-testid="quote-cell"
                      >
                        NASDAQ
                      </td>
                      <td
                        class=""
                        data-testid="quote-cell"
                      >
                        CSCO
                      </td>
                      <td
                        class=""
                        data-testid="quote-cell"
                      >
                        <i
                          aria-hidden="true"
                          class="arrow alternate circle down icon"
                          data-testid="quote-cell-icon-down"
                        />
                        225.81
                      </td>
                      <td
                        class=""
                        data-testid="quote-cell"
                      >
                        -12.73
                      </td>
                      <td
                        class=""
                        data-testid="quote-cell"
                      >
                        -0.06
                      </td>
                      <td
                        class=""
                        data-testid="quote-cell"
                      >
                        0.46
                      </td>
                      <td
                        class=""
                        data-testid="quote-cell"
                      >
                        1.12
                      </td>
                      <td
                        class=""
                        data-testid="quote-cell"
                      >
                        15-02-20 23:44:18
                      </td>
                    </tr>
                    <tr
                      class="positive"
                      data-testid="quote-row"
                    >
                      <td
                        class=""
                        data-testid="quote-cell"
                      >
                        NASDAQ
                      </td>
                      <td
                        class=""
                        data-testid="quote-cell"
                      >
                        ADBE
                      </td>
                      <td
                        class=""
                        data-testid="quote-cell"
                      >
                        <i
                          aria-hidden="true"
                          class="arrow alternate circle up icon"
                          data-testid="quote-cell-icon-up"
                        />
                        275.75
                      </td>
                      <td
                        class=""
                        data-testid="quote-cell"
                      >
                        11.16
                      </td>
                      <td
                        class=""
                        data-testid="quote-cell"
                      >
                        0.04
                      </td>
                      <td
                        class=""
                        data-testid="quote-cell"
                      >
                        0.58
                      </td>
                      <td
                        class=""
                        data-testid="quote-cell"
                      >
                        1.02
                      </td>
                      <td
                        class=""
                        data-testid="quote-cell"
                      >
                        15-02-20 23:45:18
                      </td>
                    </tr>
                    <tr
                      class="positive"
                      data-testid="quote-row"
                    >
                      <td
                        class=""
                        data-testid="quote-cell"
                      >
                        NASDAQ
                      </td>
                      <td
                        class=""
                        data-testid="quote-cell"
                      >
                        AMZN
                      </td>
                      <td
                        class=""
                        data-testid="quote-cell"
                      >
                        <i
                          aria-hidden="true"
                          class="arrow alternate circle up icon"
                          data-testid="quote-cell-icon-up"
                        />
                        244.82
                      </td>
                      <td
                        class=""
                        data-testid="quote-cell"
                      >
                        21.81
                      </td>
                      <td
                        class=""
                        data-testid="quote-cell"
                      >
                        0.09
                      </td>
                      <td
                        class=""
                        data-testid="quote-cell"
                      >
                        0.82
                      </td>
                      <td
                        class=""
                        data-testid="quote-cell"
                      >
                        1.30
                      </td>
                      <td
                        class=""
                        data-testid="quote-cell"
                      >
                        15-02-20 23:42:18
                      </td>
                    </tr>
                    <tr
                      class="positive"
                      data-testid="quote-row"
                    >
                      <td
                        class=""
                        data-testid="quote-cell"
                      >
                        NASDAQ
                      </td>
                      <td
                        class=""
                        data-testid="quote-cell"
                      >
                        GOOGL
                      </td>
                      <td
                        class=""
                        data-testid="quote-cell"
                      >
                        <i
                          aria-hidden="true"
                          class="arrow alternate circle up icon"
                          data-testid="quote-cell-icon-up"
                        />
                        253.86
                      </td>
                      <td
                        class=""
                        data-testid="quote-cell"
                      >
                        5.59
                      </td>
                      <td
                        class=""
                        data-testid="quote-cell"
                      >
                        0.02
                      </td>
                      <td
                        class=""
                        data-testid="quote-cell"
                      >
                        0.82
                      </td>
                      <td
                        class=""
                        data-testid="quote-cell"
                      >
                        1.08
                      </td>
                      <td
                        class=""
                        data-testid="quote-cell"
                      >
                        15-02-20 23:48:18
                      </td>
                    </tr>
                    <tr
                      class="negative"
                      data-testid="quote-row"
                    >
                      <td
                        class=""
                        data-testid="quote-cell"
                      >
                        NASDAQ
                      </td>
                      <td
                        class=""
                        data-testid="quote-cell"
                      >
                        AAPL
                      </td>
                      <td
                        class=""
                        data-testid="quote-cell"
                      >
                        <i
                          aria-hidden="true"
                          class="arrow alternate circle down icon"
                          data-testid="quote-cell-icon-down"
                        />
                        213.41
                      </td>
                      <td
                        class=""
                        data-testid="quote-cell"
                      >
                        -38.72
                      </td>
                      <td
                        class=""
                        data-testid="quote-cell"
                      >
                        -0.18
                      </td>
                      <td
                        class=""
                        data-testid="quote-cell"
                      >
                        0.56
                      </td>
                      <td
                        class=""
                        data-testid="quote-cell"
                      >
                        0.55
                      </td>
                      <td
                        class=""
                        data-testid="quote-cell"
                      >
                        15-02-20 23:40:17
                      </td>
                    </tr>
                  </tbody>
                </table>
              </div>
            </div>
          </div>
        </div>
      </div>
    </div>
  </div>
</DocumentFragment>
`;
